------------------------------------------------------------
Timing Analyzer Summary
------------------------------------------------------------

Type  : Slow Model Setup 'clk'
Slack : -4.829
TNS   : -83.422

Type  : Slow Model Setup 'reset'
Slack : -2.339
TNS   : -14.228

Type  : Slow Model Hold 'reset'
Slack : -1.137
TNS   : -1.635

Type  : Slow Model Hold 'clk'
Slack : 0.807
TNS   : 0.000

Type  : Slow Model Recovery 'clk'
Slack : -0.351
TNS   : -7.020

Type  : Slow Model Removal 'clk'
Slack : 0.505
TNS   : 0.000

Type  : Slow Model Minimum Pulse Width 'clk'
Slack : -2.289
TNS   : -2.289

Type  : Slow Model Minimum Pulse Width 'reset'
Slack : -2.289
TNS   : -2.289

Type  : Fast Model Setup 'clk'
Slack : -2.402
TNS   : -29.960

Type  : Fast Model Setup 'reset'
Slack : -0.897
TNS   : -4.610

Type  : Fast Model Hold 'reset'
Slack : -0.968
TNS   : -2.601

Type  : Fast Model Hold 'clk'
Slack : 0.405
TNS   : 0.000

Type  : Fast Model Recovery 'clk'
Slack : 0.168
TNS   : 0.000

Type  : Fast Model Removal 'clk'
Slack : -0.014
TNS   : -0.280

Type  : Fast Model Minimum Pulse Width 'clk'
Slack : -2.289
TNS   : -2.289

Type  : Fast Model Minimum Pulse Width 'reset'
Slack : -2.289
TNS   : -2.289

------------------------------------------------------------
