Flow report for uart
Thu May 28 01:30:26 2026
Quartus Prime Version 18.1.0 Build 625 09/12/2018 SJ Lite Edition


---------------------
; Table of Contents ;
---------------------
  1. Legal Notice
  2. Flow Summary
  3. Flow Settings
  4. Flow Non-Default Global Settings
  5. Flow Elapsed Time
  6. Flow OS Summary
  7. Flow Log
  8. Flow Messages
  9. Flow Suppressed Messages



----------------
; Legal Notice ;
----------------
Copyright (C) 2018  Intel Corporation. All rights reserved.
Your use of Intel Corporation's design tools, logic functions 
and other software and tools, and its AMPP partner logic 
functions, and any output files from any of the foregoing 
(including device programming or simulation files), and any 
associated documentation or information are expressly subject 
to the terms and conditions of the Intel Program License 
Subscription Agreement, the Intel Quartus Prime License Agreement,
the Intel FPGA IP License Agreement, or other applicable license
agreement, including, without limitation, that your use is for
the sole purpose of programming logic devices manufactured by
Intel and sold by Intel or its authorized distributors.  Please
refer to the applicable agreement for further details.



+---------------------------------------------------------------------+
; Flow Summary                                                        ;
+-----------------------+---------------------------------------------+
; Flow Status           ; Successful - Thu May 28 01:30:24 2026       ;
; Quartus Prime Version ; 18.1.0 Build 625 09/12/2018 SJ Lite Edition ;
; Revision Name         ; uart                                        ;
; Top-level Entity Name ; rx                                          ;
; Family                ; MAX II                                      ;
; Total logic elements  ; 0 / 240 ( 0 % )                             ;
; Total pins            ; 11 / 80 ( 14 % )                            ;
; Total virtual pins    ; 0                                           ;
; UFM blocks            ; 0 / 1 ( 0 % )                               ;
; Device                ; EPM240T100C3                                ;
; Timing Models         ; Final                                       ;
+-----------------------+---------------------------------------------+


+-----------------------------------------+
; Flow Settings                           ;
+-------------------+---------------------+
; Option            ; Setting             ;
+-------------------+---------------------+
; Start date & time ; 05/28/2026 01:30:10 ;
; Main task         ; Compilation         ;
; Revision Name     ; uart                ;
+-------------------+---------------------+


+-----------------------------------------------------------------------------------------------------+
; Flow Non-Default Global Settings                                                                    ;
+--------------------------+-------------------------------+---------------+-------------+------------+
; Assignment Name          ; Value                         ; Default Value ; Entity Name ; Section Id ;
+--------------------------+-------------------------------+---------------+-------------+------------+
; COMPILER_SIGNATURE_ID    ; 2545292451929.177989941047128 ; --            ; --          ; --         ;
; MISC_FILE                ; lpm_counter_13.bsf            ; --            ; --          ; --         ;
; MISC_FILE                ; lpm_counter_13_bb.v           ; --            ; --          ; --         ;
; MISC_FILE                ; lpm_counter_3.bsf             ; --            ; --          ; --         ;
; MISC_FILE                ; lpm_counter_3_bb.v            ; --            ; --          ; --         ;
; MISC_FILE                ; lpm_decode_3.bsf              ; --            ; --          ; --         ;
; MISC_FILE                ; lpm_decode_3_bb.v             ; --            ; --          ; --         ;
; MISC_FILE                ; lpm_mux_8.bsf                 ; --            ; --          ; --         ;
; MISC_FILE                ; lpm_mux_8_bb.v                ; --            ; --          ; --         ;
; MISC_FILE                ; lpm_mux_4to1.bsf              ; --            ; --          ; --         ;
; MISC_FILE                ; lpm_mux_4to1_bb.v             ; --            ; --          ; --         ;
; PROJECT_OUTPUT_DIRECTORY ; output_files                  ; --            ; --          ; --         ;
; TOP_LEVEL_ENTITY         ; rx                            ; uart          ; --          ; --         ;
+--------------------------+-------------------------------+---------------+-------------+------------+


+--------------------------------------------------------------------------------------------------------------------------+
; Flow Elapsed Time                                                                                                        ;
+----------------------+--------------+-------------------------+---------------------+------------------------------------+
; Module Name          ; Elapsed Time ; Average Processors Used ; Peak Virtual Memory ; Total CPU Time (on all processors) ;
+----------------------+--------------+-------------------------+---------------------+------------------------------------+
; Analysis & Synthesis ; 00:00:10     ; 1.0                     ; 4721 MB             ; 00:00:21                           ;
; Fitter               ; 00:00:01     ; 1.0                     ; 5498 MB             ; 00:00:02                           ;
; Assembler            ; 00:00:01     ; 1.0                     ; 4660 MB             ; 00:00:01                           ;
; Timing Analyzer      ; 00:00:01     ; 1.0                     ; 4680 MB             ; 00:00:01                           ;
; Total                ; 00:00:13     ; --                      ; --                  ; 00:00:25                           ;
+----------------------+--------------+-------------------------+---------------------+------------------------------------+


+------------------------------------------------------------------------------------+
; Flow OS Summary                                                                    ;
+----------------------+------------------+------------+------------+----------------+
; Module Name          ; Machine Hostname ; OS Name    ; OS Version ; Processor type ;
+----------------------+------------------+------------+------------+----------------+
; Analysis & Synthesis ; 크크루        ; Windows 10 ; 10.0       ; x86_64         ;
; Fitter               ; 크크루        ; Windows 10 ; 10.0       ; x86_64         ;
; Assembler            ; 크크루        ; Windows 10 ; 10.0       ; x86_64         ;
; Timing Analyzer      ; 크크루        ; Windows 10 ; 10.0       ; x86_64         ;
+----------------------+------------------+------------+------------+----------------+


------------
; Flow Log ;
------------
quartus_map --read_settings_files=on --write_settings_files=off uart -c uart
quartus_fit --read_settings_files=off --write_settings_files=off uart -c uart
quartus_asm --read_settings_files=off --write_settings_files=off uart -c uart
quartus_sta uart -c uart



